// Vitest Snapshot v1

exports[`Snapshots for wrapper-testing > html is consistent for default config 1`] = `undefined`;

exports[`Snapshots for wrapper-testing > html is consistent for explicit config 1`] = `undefined`;
